// Jest Snapshot v1, https://goo.gl/fbAQLP

exports[`FilterDisplay should render correct contents 1`] = `
<div
  aria-live="polite"
  class="flex flex-wrap items-center p-4"
>
  <!---->
   
</div>
`;
